[whiteboard-service-0emv.onrender.com/board99a3.html]
[backblue.gif]
[fade.gif]
[index.html]
[whiteboard-service-0emv.onrender.com/Fonts/stylesheet.css]
[whiteboard-service-0emv.onrender.com/tools/table/table.css]
[cdnjs.cloudflare.com/ajax/libs/font-awesome/4.7.0/css/font-awesome.min.css]
[whiteboard-service-0emv.onrender.com/tools/background-manangement/backgorund.css]
[whiteboard-service-0emv.onrender.com/tools/mathematical-tools/mathematicaltools.css]
[whiteboard-service-0emv.onrender.com/tools/PDF/pdf.css]
[source.zoom.us/1.8.0/css/bootstrap.css]
[source.zoom.us/1.8.0/css/react-select.css]
[whiteboard-service-0emv.onrender.com/board.css]
[ajax.googleapis.com/ajax/libs/jquery/3.4.1/jquery.min.js]
[whiteboard-service-0emv.onrender.com/js/jquery.fullscreen.js]
[maxcdn.bootstrapcdn.com/bootstrap/4.4.1/js/bootstrap.bundle.min.js]
[cdnjs.cloudflare.com/ajax/libs/axios/0.20.0/axios.min.js]
[kit.fontawesome.com/0166a4ad2b.js]
[whiteboard-service-0emv.onrender.com/socket.io.js]
[cdnjs.cloudflare.com/ajax/libs/RecordRTC/5.6.1/RecordRTC.min.js]
[www.webrtc-experiment.com/EBML.js]
[res.cloudinary.com/ddwbbzuxw/image/upload/v1597236050/fevicon/apple-touch-icon_ls1yzj.png]
[res.cloudinary.com/ddwbbzuxw/image/upload/v1597236050/fevicon/favicon-32x32_bshltf.png]
[res.cloudinary.com/ddwbbzuxw/image/upload/v1597236050/fevicon/favicon-16x16_w5wobw.png]
[whiteboard-service-0emv.onrender.com/assets/CloseCircle.svg]
[whiteboard-service-0emv.onrender.com/assets/AddImageFromLocal.svg]
[whiteboard-service-0emv.onrender.com/assets/AddImageFromLibrary.svg]
[whiteboard-service-0emv.onrender.com/assets/Image Library/Education/Education 1.jpg]
[whiteboard-service-0emv.onrender.com/assets/Image Library/Education/Education 2.jpg]
[whiteboard-service-0emv.onrender.com/assets/Image Library/Education/Education 3.jpg]
[whiteboard-service-0emv.onrender.com/assets/Image Library/Education/Education 4.jpg]
[whiteboard-service-0emv.onrender.com/assets/Image Library/Education/Education 5.jpg]
[whiteboard-service-0emv.onrender.com/assets/Image Library/Education/Education 6.jpg]
[whiteboard-service-0emv.onrender.com/assets/Image Library/Education/Education 7.jpg]
[whiteboard-service-0emv.onrender.com/assets/Image Library/Education/Education 8.jpg]
[whiteboard-service-0emv.onrender.com/assets/Image Library/Education/Education 9.jpg]
[whiteboard-service-0emv.onrender.com/assets/Image Library/Education/Education 10.jpg]
[whiteboard-service-0emv.onrender.com/assets/Image Library/Education/Education 11.png]
[whiteboard-service-0emv.onrender.com/assets/Image Library/Education/Education 13.jpg]
[whiteboard-service-0emv.onrender.com/assets/Image Library/Education/Education 14.jpg]
[whiteboard-service-0emv.onrender.com/assets/Image Library/Education/Education 15.jpg]
[whiteboard-service-0emv.onrender.com/assets/Image Library/Education/Education 16.jpg]
[whiteboard-service-0emv.onrender.com/assets/Image Library/Education/Education 20.jpg]
[whiteboard-service-0emv.onrender.com/assets/Image Library/Sports/Sports 1.jpg]
[whiteboard-service-0emv.onrender.com/assets/Image Library/Sports/Sports 2.jpg]
[whiteboard-service-0emv.onrender.com/assets/Image Library/Sports/Sports 3.jpg]
[whiteboard-service-0emv.onrender.com/assets/Image Library/Sports/Sports 4.jpg]
[whiteboard-service-0emv.onrender.com/assets/Image Library/Sports/Sports 5.jpg]
[whiteboard-service-0emv.onrender.com/assets/Image Library/Sports/Sports 6.jpg]
[whiteboard-service-0emv.onrender.com/assets/Image Library/Sports/Sports 7.jpg]
[whiteboard-service-0emv.onrender.com/assets/Image Library/Sports/Sports 8.png]
[whiteboard-service-0emv.onrender.com/assets/Image Library/Sports/Sports 9.jpg]
[whiteboard-service-0emv.onrender.com/assets/Image Library/Sports/Sports 10.avif]
[whiteboard-service-0emv.onrender.com/assets/Image Library/Sports/Sports 11.webp]
[whiteboard-service-0emv.onrender.com/assets/Image Library/Sports/Sports 12.jpg]
[whiteboard-service-0emv.onrender.com/assets/Image Library/Sports/Sports 13.jpg]
[whiteboard-service-0emv.onrender.com/assets/Image Library/Sports/Sports 14.webp]
[whiteboard-service-0emv.onrender.com/assets/Image Library/Music/Music 1.jpg]
[whiteboard-service-0emv.onrender.com/assets/Image Library/Music/Music 2.jpg]
[whiteboard-service-0emv.onrender.com/assets/Image Library/Music/Music 3.jpg]
[whiteboard-service-0emv.onrender.com/assets/Image Library/Music/Music 4.jpg]
[whiteboard-service-0emv.onrender.com/assets/Image Library/Music/Music 5.jpg]
[whiteboard-service-0emv.onrender.com/assets/Image Library/Music/Music 6.jpg]
[whiteboard-service-0emv.onrender.com/assets/Image Library/Music/Music 7.jpg]
[whiteboard-service-0emv.onrender.com/assets/Image Library/Music/Music 8.jpg]
[whiteboard-service-0emv.onrender.com/assets/Image Library/Music/Music 9.jpg]
[whiteboard-service-0emv.onrender.com/assets/Image Library/Music/Music 10.jpg]
[whiteboard-service-0emv.onrender.com/assets/Image Library/Music/Music 11.jpg]
[whiteboard-service-0emv.onrender.com/assets/Image Library/Music/Music 12.webp]
[whiteboard-service-0emv.onrender.com/assets/Image Library/Music/Music 13.webp]
[whiteboard-service-0emv.onrender.com/assets/Image Library/Music/Music 14.jpg]
[whiteboard-service-0emv.onrender.com/assets/Image Library/Arts/Arts 1.jpg]
[whiteboard-service-0emv.onrender.com/assets/Image Library/Arts/Arts 2.jpg]
[whiteboard-service-0emv.onrender.com/assets/Image Library/Arts/Arts 3.jpg]
[whiteboard-service-0emv.onrender.com/assets/Image Library/Arts/Arts 4.jpg]
[whiteboard-service-0emv.onrender.com/assets/Image Library/Arts/Arts 5.jpg]
[whiteboard-service-0emv.onrender.com/assets/Image Library/Arts/Arts 6.jpg]
[whiteboard-service-0emv.onrender.com/assets/Image Library/Arts/Arts 7.jpg]
[whiteboard-service-0emv.onrender.com/assets/Image Library/Arts/Arts 8.jpg]
[whiteboard-service-0emv.onrender.com/assets/Image Library/Arts/Arts 9.jpg]
[whiteboard-service-0emv.onrender.com/assets/Image Library/Arts/Arts 10.jpg]
[whiteboard-service-0emv.onrender.com/assets/Image Library/Arts/Arts 11.jpg]
[whiteboard-service-0emv.onrender.com/assets/Image Library/Arts/Arts 12.jpg]
[whiteboard-service-0emv.onrender.com/assets/Image Library/Arts/Arts 13.jpg]
[whiteboard-service-0emv.onrender.com/assets/Image Library/Arts/Arts 14.png]
[whiteboard-service-0emv.onrender.com/assets/Image Library/Arts/Arts 15.jpg]
[whiteboard-service-0emv.onrender.com/assets/Image Library/Arts/Arts 16.jpg]
[whiteboard-service-0emv.onrender.com/assets/Image Library/Science/Science 1.jpg]
[whiteboard-service-0emv.onrender.com/assets/Image Library/Science/Science 2.jpg]
[whiteboard-service-0emv.onrender.com/assets/Image Library/Science/Science 3.jpg]
[whiteboard-service-0emv.onrender.com/assets/Image Library/Science/Science 4.jpg]
[whiteboard-service-0emv.onrender.com/assets/Image Library/Science/Science 5.jpg]
[whiteboard-service-0emv.onrender.com/assets/Image Library/Science/Science 6.jpg]
[whiteboard-service-0emv.onrender.com/assets/Image Library/Science/Science 7.jpg]
[whiteboard-service-0emv.onrender.com/assets/Image Library/Science/Science 8.jpg]
[whiteboard-service-0emv.onrender.com/assets/Image Library/Science/Science 9.jpg]
[whiteboard-service-0emv.onrender.com/assets/Image Library/Science/Science 10.jpg]
[whiteboard-service-0emv.onrender.com/assets/Image Library/Science/Science 11.jpg]
[whiteboard-service-0emv.onrender.com/assets/Image Library/Science/Science 12.jpg]
[whiteboard-service-0emv.onrender.com/assets/Image Library/Science/Science 13.avif]
[whiteboard-service-0emv.onrender.com/assets/Image Library/Science/Science 14.jpg]
[whiteboard-service-0emv.onrender.com/assets/Image Library/Science/Science 15.png]
[whiteboard-service-0emv.onrender.com/assets/Image Library/Science/Science 16.png]
[whiteboard-service-0emv.onrender.com/assets/Image Library/Maths/Maths 1.jpg]
[whiteboard-service-0emv.onrender.com/assets/Image Library/Maths/Maths 2.jpg]
[whiteboard-service-0emv.onrender.com/assets/Image Library/Maths/Maths 3.jpg]
[whiteboard-service-0emv.onrender.com/assets/Image Library/Maths/Maths 4.jpg]
[whiteboard-service-0emv.onrender.com/assets/Image Library/Maths/Maths 5.jpg]
[whiteboard-service-0emv.onrender.com/assets/Image Library/Maths/Maths 6.jpg]
[whiteboard-service-0emv.onrender.com/assets/Image Library/Maths/Maths 7.jpg]
[whiteboard-service-0emv.onrender.com/assets/Image Library/Maths/Maths 8.jpg]
[whiteboard-service-0emv.onrender.com/assets/Image Library/Maths/Maths 9.jpg]
[whiteboard-service-0emv.onrender.com/assets/Image Library/Maths/Maths 10.jpg]
[whiteboard-service-0emv.onrender.com/assets/Image Library/Maths/Maths 11.jpg]
[whiteboard-service-0emv.onrender.com/assets/Image Library/Maths/Maths 12.webp]
[whiteboard-service-0emv.onrender.com/assets/Image Library/Maths/Maths 13.jpg]
[whiteboard-service-0emv.onrender.com/assets/Image Library/Maths/Maths 14.jpg]
[whiteboard-service-0emv.onrender.com/assets/Image Library/Maths/Maths 15.jpg]
[whiteboard-service-0emv.onrender.com/assets/Image Library/Maths/Maths 16.jpg]
[whiteboard-service-0emv.onrender.com/assets/Image Library/Maths/Maths 17.jpg]
[whiteboard-service-0emv.onrender.com/assets/Image Library/Maths/Maths 18.jpg]
[whiteboard-service-0emv.onrender.com/assets/Image Library/Maths/Maths 19.avif]
[whiteboard-service-0emv.onrender.com/assets/DRAG.svg]
[whiteboard-service-0emv.onrender.com/icon-size.svg]
[whiteboard-service-0emv.onrender.com/assets/startRecordingButton.svg]
[whiteboard-service-0emv.onrender.com/assets/stopRecordingButton.png]
[whiteboard-service-0emv.onrender.com/assets/image.jpg]
[cdn.jsdelivr.net/npm/html2canvas@1.0.0-rc.5/dist/html2canvas.min.js]
[whiteboard-service-0emv.onrender.com/js/path-data-polyfill.js]
[whiteboard-service-0emv.onrender.com/js/minitpl.js]
[whiteboard-service-0emv.onrender.com/js/board.js]
[whiteboard-service-0emv.onrender.com/js/draggableToolbar.js]
[whiteboard-service-0emv.onrender.com/tools/pencil/pencil.js]
[whiteboard-service-0emv.onrender.com/tools/line/line.js]
[whiteboard-service-0emv.onrender.com/tools/rect/rect.js]
[whiteboard-service-0emv.onrender.com/tools/text/text.js]
[whiteboard-service-0emv.onrender.com/tools/eraser/eraser.js]
[whiteboard-service-0emv.onrender.com/js/widgets.js]
[whiteboard-service-0emv.onrender.com/tools/mathematical-tools/mathematicalTools.js]
[whiteboard-service-0emv.onrender.com/tools/screenshotTool/screenshotTool.js]
[whiteboard-service-0emv.onrender.com/js/screenRecorder/recorder.js]
[whiteboard-service-0emv.onrender.com/js/2D.js]
[whiteboard-service-0emv.onrender.com/js/Init2D.js]
[whiteboard-service-0emv.onrender.com/tools/transform/transform.js]
[whiteboard-service-0emv.onrender.com/tools/document/document.js]
[whiteboard-service-0emv.onrender.com/tools/download/download.js]
[cdnjs.cloudflare.com/ajax/libs/codemirror/5.43.0/codemirror.min.js]
[cdnjs.cloudflare.com/ajax/libs/codemirror/5.43.0/codemirror.min.css]
[rawgit.com/cfinke/Typo.js/master/typo/typo.js]
[www.gstatic.com/firebasejs/5.5.4/firebase.js]
[whiteboard-service-0emv.onrender.com/js/klipse_plugin.min.js]
[firepad.io/releases/v1.5.9/firepad.css]
[firepad.io/releases/v1.5.9/firepad.min.js]
[whiteboard-service-0emv.onrender.com/tools/editor/editor.js]
[whiteboard-service-0emv.onrender.com/tools/handNew/hand.js]
[whiteboard-service-0emv.onrender.com/tools/grid/grid.js]
[whiteboard-service-0emv.onrender.com/tools/clear/clear.js]
[whiteboard-service-0emv.onrender.com/tools/eraser2/eraser2.js]
[www.desmos.com/api/v1.5/calculator5b31.js]
[whiteboard-service-0emv.onrender.com/tools/calculator/calculator.js]
[whiteboard-service-0emv.onrender.com/tools/undo/undo.js]
[whiteboard-service-0emv.onrender.com/tools/redo/redo.js]
[whiteboard-service-0emv.onrender.com/tools/zoom-in/zoom-in.js]
[whiteboard-service-0emv.onrender.com/tools/zoom-out/zoom-out.js]
[whiteboard-service-0emv.onrender.com/components/measurement/measurement.js]
[whiteboard-service-0emv.onrender.com/js/canvascolor/canvascolor.min.js]
[whiteboard-service-0emv.onrender.com/js/customJs/custom.js]
[whiteboard-service-0emv.onrender.com/tools/Close/close.js]
[whiteboard-service-0emv.onrender.com/tools/FullScreen/fullscreen.js]
[whiteboard-service-0emv.onrender.com/tools/Mice/mice.js]
[whiteboard-service-0emv.onrender.com/tools/VideoRecorder/videoRecorder.js]
[whiteboard-service-0emv.onrender.com/tools/shareScreen/sharescreen.js]
[whiteboard-service-0emv.onrender.com/tools/cursor/cursor.js]
[whiteboard-service-0emv.onrender.com/tools/PDF/pdf.js]
[source.zoom.us/1.8.0/lib/vendor/react.min.js]
[source.zoom.us/1.8.0/lib/vendor/react-dom.min.js]
[source.zoom.us/1.8.0/lib/vendor/redux.min.js]
[source.zoom.us/1.8.0/lib/vendor/redux-thunk.min.js]
[source.zoom.us/1.8.0/lib/vendor/lodash.min.js]
[source.zoom.us/zoom-meeting-1.8.0.min.js]
[cdnjs.cloudflare.com/ajax/libs/aws-sdk/2.771.0/aws-sdk.min.js]
[whiteboard-service-0emv.onrender.com/js/zoom/meeting2.js]
[www.webrtc-experiment.com/common.js]
[whiteboard-service-0emv.onrender.com/js/record/record.js]
[whiteboard-service-0emv.onrender.com/js/customJs/zoomOverride.js]
[code.jquery.com/ui/1.12.1/jquery-ui.js]
[whiteboard-service-0emv.onrender.com/js/record/onlyAudioVideo.js]
[mozilla.github.io/pdf.js/build/pdf.js]
[cdnjs.cloudflare.com/ajax/libs/jspdf/2.5.1/jspdf.umd.min.js]
[whiteboard-service-0emv.onrender.com/js/draggableContainers.js]
[whiteboard-service-0emv.onrender.com/tools/background-manangement/background.js]
[whiteboard-service-0emv.onrender.com/js/pasteEvents.js]
[whiteboard-service-0emv.onrender.com/js/dragEvents.js]
[whiteboard-service-0emv.onrender.com/board99a3.html]
[whiteboard-service-0emv.onrender.com/tools/table/table.js]
[whiteboard-service-0emv.onrender.com/Fonts/CircularXXSub-BookSubset.woff2]
[whiteboard-service-0emv.onrender.com/Fonts/CircularXXSub-BookSubset.woff]
[whiteboard-service-0emv.onrender.com/Fonts/CircularXXSub-RegularSubset.woff2]
[whiteboard-service-0emv.onrender.com/Fonts/CircularXXSub-RegularSubset.woff]
[whiteboard-service-0emv.onrender.com/Fonts/CircularXXWeb-Book.woff]
[whiteboard-service-0emv.onrender.com/Fonts/CircularXXWeb-Book.woff2]
[whiteboard-service-0emv.onrender.com/Fonts/CircularXXWeb-Regular.woff]
[whiteboard-service-0emv.onrender.com/Fonts/CircularXXWeb-Regular.woff2]
[whiteboard-service-0emv.onrender.com/Fonts/CircularXXMonoWeb-Regular.woff2]
[whiteboard-service-0emv.onrender.com/Fonts/CircularXXMonoWeb-Regular.woff]
[whiteboard-service-0emv.onrender.com/Fonts/stylesheet.css]
[whiteboard-service-0emv.onrender.com/tools/table/table.css]
[cdnjs.cloudflare.com/ajax/libs/font-awesome/4.7.0/css/font-awesome.min.css]
[whiteboard-service-0emv.onrender.com/tools/background-manangement/backgorund.css]
[whiteboard-service-0emv.onrender.com/tools/mathematical-tools/mathematicaltools.css]
[whiteboard-service-0emv.onrender.com/tools/PDF/pdf.css]
[source.zoom.us/1.8.0/css/bootstrap.css]
[source.zoom.us/1.8.0/css/react-select.css]
[whiteboard-service-0emv.onrender.com/board.css]
[whiteboard-service-0emv.onrender.com/assets/CloseCircle.svg]
[whiteboard-service-0emv.onrender.com/assets/AddImageFromLocal.svg]
[whiteboard-service-0emv.onrender.com/assets/AddImageFromLibrary.svg]
[whiteboard-service-0emv.onrender.com/assets/DRAG.svg]
[whiteboard-service-0emv.onrender.com/icon-size.svg]
[whiteboard-service-0emv.onrender.com/assets/startRecordingButton.svg]
[cdnjs.cloudflare.com/ajax/libs/codemirror/5.43.0/codemirror.min.css]
[firepad.io/releases/v1.5.9/firepad.css]
[whiteboard-service-0emv.onrender.com/tools/cursor/cursor.html]
[firepad.io/releases/v1.5.9/firepad.eot]
